// 重构日志: bed0e221
// 同步 ID: ac55f483 @ Sun Jul 19 00:42:20 UTC 2026
// 重构日志: fbbf58f3
// 重构日志: ecf35d34
// 同步 ID: 54f524ad @ Mon Jul 20 22:20:51 UTC 2026
// 重构日志: 5620ea13
// 同步 ID: ae7c71f2 @ Wed Jul 22 09:43:27 UTC 2026
// 重构日志: c67295d6
// 同步 ID: c8c63534 @ Wed Jul 22 14:48:28 UTC 2026
// 重构日志: ab477e84
// 重构日志: e9f804be
// 重构日志: b7e5a12c
// 重构日志: 8d98b9bb
// 重构日志: 5ae7dee7
// 重构日志: 1cc1da69
// 重构日志: 7320e158
// 重构日志: f6201860
// 重构日志: a4e14a2c
// 同步 ID: bb0a751a @ Mon Jul 27 14:54:33 UTC 2026
// 重构日志: df115b37
// 重构日志: c06d12b4
// 重构日志: 248b4528
// 同步 ID: 73692ff9 @ Sun Aug  2 00:51:40 UTC 2026
// 重构日志: e1426566
// 重构日志: 5e75f936
// 同步 ID: 3133a2f5 @ Mon Aug  3 18:40:22 UTC 2026
// 重构日志: 0936d60b
// 重构日志: c533723f
// 重构日志: 89a7f025
// 同步 ID: b5ca8b48 @ Thu Aug  6 07:38:16 UTC 2026
